<result>
    <list>
        <corp_code>00434003</corp_code>
        <corp_name>다코</corp_name>
        <stock_code/>
        <modify_date>20170630</modify_date>
    </list>
    <list>
        <corp_code>00430964</corp_code>
        <corp_name>굿앤엘에스</corp_name>
        <stock_code/>
        <modify_date>20170630</modify_date>
    </list>
    <list>
        <corp_code>00388953</corp_code>
        <corp_name>크레디피아제이십오차유동화전문회사</corp_name>
        <stock_code/>
        <modify_date>20170630</modify_date>
    </list>
    <list>
        <corp_code>00179984</corp_code>
        <corp_name>연방건설산업</corp_name>
        <stock_code/>
        <modify_date>20170630</modify_date>
    </list>
    <list>
        <corp_code>00420143</corp_code>
        <corp_name>브룩스피알아이오토메이션잉크</corp_name>
        <stock_code/>
        <modify_date>20170630</modify_date>
    </list>
    <list>
        <corp_code>00401111</corp_code>
        <corp_name>매경아이비아이</corp_name>
        <stock_code/>
        <modify_date>20170630</modify_date>
    </list>
    <list>
        <corp_code>00435534</corp_code>
        <corp_name>캐드뱅크</corp_name>
        <stock_code/>
        <modify_date>20170630</modify_date>
    </list>
    <list>
        <corp_code>00430186</corp_code>
        <corp_name>엠와이오피삼차유동화전문유한회사</corp_name>
        <stock_code/>
        <modify_date>20170630</modify_date>
    </list>
    <list>
        <corp_code>00430201</corp_code>
        <corp_name>엠와이오피이차유동화전문유한회사</corp_name>
        <stock_code/>
        <modify_date>20170630</modify_date>
    </list>
    <list>
        <corp_code>00430210</corp_code>
        <corp_name>엠와이오피일차유동화전문유한회사</corp_name>
        <stock_code/>
        <modify_date>20170630</modify_date>
    </list>
</result>