{
  "acc_mt": "12",
  "adres": "경기도 수원시 영통구  삼성로 129 (매탄동)",
  "bizr_no": "1248100998",
  "ceo_nm": "한종희",
  "corp_cls": "Y",
  "corp_name": "삼성전자(주)",
  "est_dt": "19690113",
  "fax_no": "031-200-7538",
  "hm_url": "www.samsung.com/sec",
  "induty_code": "264",
  "ir_url": "",
  "jurir_no": "1301110006246",
  "message": "정상",
  "phn_no": "02-2255-0114",
  "status": "000",
  "stock_code": "005930",
  "stock_name": "삼성전자"
}