{
  "message": {
    "message": "",
    "status": "010"
  }
}